DEVICE Apple M4
VERTEX v_main
FRAGMENT f_main
PIPELINE_SOURCE archive
GPUTIME_NS 19666
SIZE 8 8
PIXEL 0 0 bgra=00000000 rgba_unorm=0.000,0.000,0.000,0.000
PIXEL 1 0 bgra=00000000 rgba_unorm=0.000,0.000,0.000,0.000
PIXEL 2 0 bgra=00000000 rgba_unorm=0.000,0.000,0.000,0.000
PIXEL 3 0 bgra=00000000 rgba_unorm=0.000,0.000,0.000,0.000
PIXEL 4 0 bgra=00000000 rgba_unorm=0.000,0.000,0.000,0.000
PIXEL 5 0 bgra=00000000 rgba_unorm=0.000,0.000,0.000,0.000
PIXEL 6 0 bgra=00000000 rgba_unorm=0.000,0.000,0.000,0.000
PIXEL 7 0 bgra=00000000 rgba_unorm=0.000,0.000,0.000,0.000
PIXEL 0 1 bgra=00000000 rgba_unorm=0.000,0.000,0.000,0.000
PIXEL 1 1 bgra=00000000 rgba_unorm=0.000,0.000,0.000,0.000
PIXEL 2 1 bgra=00000000 rgba_unorm=0.000,0.000,0.000,0.000
PIXEL 3 1 bgra=00000000 rgba_unorm=0.000,0.000,0.000,0.000
PIXEL 4 1 bgra=00000000 rgba_unorm=0.000,0.000,0.000,0.000
PIXEL 5 1 bgra=00000000 rgba_unorm=0.000,0.000,0.000,0.000
PIXEL 6 1 bgra=00000000 rgba_unorm=0.000,0.000,0.000,0.000
PIXEL 7 1 bgra=00000000 rgba_unorm=0.000,0.000,0.000,0.000
PIXEL 0 2 bgra=00000000 rgba_unorm=0.000,0.000,0.000,0.000
PIXEL 1 2 bgra=00000000 rgba_unorm=0.000,0.000,0.000,0.000
PIXEL 2 2 bgra=00000000 rgba_unorm=0.000,0.000,0.000,0.000
PIXEL 3 2 bgra=176e1e33 rgba_unorm=0.118,0.431,0.090,0.200
PIXEL 4 2 bgra=40541a34 rgba_unorm=0.102,0.329,0.251,0.204
PIXEL 5 2 bgra=00000000 rgba_unorm=0.000,0.000,0.000,0.000
PIXEL 6 2 bgra=00000000 rgba_unorm=0.000,0.000,0.000,0.000
PIXEL 7 2 bgra=00000000 rgba_unorm=0.000,0.000,0.000,0.000
PIXEL 0 3 bgra=00000000 rgba_unorm=0.000,0.000,0.000,0.000
PIXEL 1 3 bgra=00000000 rgba_unorm=0.000,0.000,0.000,0.000
PIXEL 2 3 bgra=00000000 rgba_unorm=0.000,0.000,0.000,0.000
PIXEL 3 3 bgra=e52c2333 rgba_unorm=0.137,0.173,0.898,0.200
PIXEL 4 3 bgra=86875234 rgba_unorm=0.322,0.529,0.525,0.204
PIXEL 5 3 bgra=00000000 rgba_unorm=0.000,0.000,0.000,0.000
PIXEL 6 3 bgra=00000000 rgba_unorm=0.000,0.000,0.000,0.000
PIXEL 7 3 bgra=00000000 rgba_unorm=0.000,0.000,0.000,0.000
PIXEL 0 4 bgra=00000000 rgba_unorm=0.000,0.000,0.000,0.000
PIXEL 1 4 bgra=00000000 rgba_unorm=0.000,0.000,0.000,0.000
PIXEL 2 4 bgra=13602233 rgba_unorm=0.133,0.376,0.075,0.200
PIXEL 3 4 bgra=3f509b34 rgba_unorm=0.608,0.314,0.247,0.204
PIXEL 4 4 bgra=ace49734 rgba_unorm=0.592,0.894,0.675,0.204
PIXEL 5 4 bgra=fa20e034 rgba_unorm=0.878,0.125,0.980,0.204
PIXEL 6 4 bgra=00000000 rgba_unorm=0.000,0.000,0.000,0.000
PIXEL 7 4 bgra=00000000 rgba_unorm=0.000,0.000,0.000,0.000
PIXEL 0 5 bgra=00000000 rgba_unorm=0.000,0.000,0.000,0.000
PIXEL 1 5 bgra=00000000 rgba_unorm=0.000,0.000,0.000,0.000
PIXEL 2 5 bgra=e3252533 rgba_unorm=0.145,0.145,0.890,0.200
PIXEL 3 5 bgra=86059234 rgba_unorm=0.573,0.020,0.525,0.204
PIXEL 4 5 bgra=d341dc34 rgba_unorm=0.863,0.255,0.827,0.204
PIXEL 5 5 bgra=103f1235 rgba_unorm=0.071,0.247,0.063,0.208
PIXEL 6 5 bgra=00000000 rgba_unorm=0.000,0.000,0.000,0.000
PIXEL 7 5 bgra=00000000 rgba_unorm=0.000,0.000,0.000,0.000
PIXEL 0 6 bgra=00000000 rgba_unorm=0.000,0.000,0.000,0.000
PIXEL 1 6 bgra=0f522633 rgba_unorm=0.149,0.322,0.059,0.200
PIXEL 2 6 bgra=3e4d1c34 rgba_unorm=0.110,0.302,0.243,0.204
PIXEL 3 6 bgra=ac62d734 rgba_unorm=0.843,0.384,0.675,0.204
PIXEL 4 6 bgra=f99f2134 rgba_unorm=0.129,0.624,0.976,0.204
PIXEL 5 6 bgra=236db535 rgba_unorm=0.710,0.427,0.137,0.208
PIXEL 6 6 bgra=4a0bda35 rgba_unorm=0.855,0.043,0.290,0.208
PIXEL 7 6 bgra=00000000 rgba_unorm=0.000,0.000,0.000,0.000
PIXEL 0 7 bgra=00000000 rgba_unorm=0.000,0.000,0.000,0.000
PIXEL 1 7 bgra=00000000 rgba_unorm=0.000,0.000,0.000,0.000
PIXEL 2 7 bgra=00000000 rgba_unorm=0.000,0.000,0.000,0.000
PIXEL 3 7 bgra=00000000 rgba_unorm=0.000,0.000,0.000,0.000
PIXEL 4 7 bgra=00000000 rgba_unorm=0.000,0.000,0.000,0.000
PIXEL 5 7 bgra=00000000 rgba_unorm=0.000,0.000,0.000,0.000
PIXEL 6 7 bgra=00000000 rgba_unorm=0.000,0.000,0.000,0.000
PIXEL 7 7 bgra=00000000 rgba_unorm=0.000,0.000,0.000,0.000
STATUS OK
