DEVICE Apple M4
VERTEX v_main
FRAGMENT f_main
PIPELINE_SOURCE archive
GPUTIME_NS 19749
SIZE 8 8
PIXEL 0 0 bgra=00000000 rgba_unorm=0.000,0.000,0.000,0.000
PIXEL 1 0 bgra=00000000 rgba_unorm=0.000,0.000,0.000,0.000
PIXEL 2 0 bgra=00000000 rgba_unorm=0.000,0.000,0.000,0.000
PIXEL 3 0 bgra=00000000 rgba_unorm=0.000,0.000,0.000,0.000
PIXEL 4 0 bgra=00000000 rgba_unorm=0.000,0.000,0.000,0.000
PIXEL 5 0 bgra=00000000 rgba_unorm=0.000,0.000,0.000,0.000
PIXEL 6 0 bgra=00000000 rgba_unorm=0.000,0.000,0.000,0.000
PIXEL 7 0 bgra=00000000 rgba_unorm=0.000,0.000,0.000,0.000
PIXEL 0 1 bgra=00000000 rgba_unorm=0.000,0.000,0.000,0.000
PIXEL 1 1 bgra=00000000 rgba_unorm=0.000,0.000,0.000,0.000
PIXEL 2 1 bgra=00000000 rgba_unorm=0.000,0.000,0.000,0.000
PIXEL 3 1 bgra=00000000 rgba_unorm=0.000,0.000,0.000,0.000
PIXEL 4 1 bgra=00000000 rgba_unorm=0.000,0.000,0.000,0.000
PIXEL 5 1 bgra=00000000 rgba_unorm=0.000,0.000,0.000,0.000
PIXEL 6 1 bgra=00000000 rgba_unorm=0.000,0.000,0.000,0.000
PIXEL 7 1 bgra=00000000 rgba_unorm=0.000,0.000,0.000,0.000
PIXEL 0 2 bgra=00000000 rgba_unorm=0.000,0.000,0.000,0.000
PIXEL 1 2 bgra=00000000 rgba_unorm=0.000,0.000,0.000,0.000
PIXEL 2 2 bgra=00000000 rgba_unorm=0.000,0.000,0.000,0.000
PIXEL 3 2 bgra=f76114af rgba_unorm=0.078,0.380,0.969,0.686
PIXEL 4 2 bgra=2008e430 rgba_unorm=0.894,0.031,0.125,0.188
PIXEL 5 2 bgra=00000000 rgba_unorm=0.000,0.000,0.000,0.000
PIXEL 6 2 bgra=00000000 rgba_unorm=0.000,0.000,0.000,0.000
PIXEL 7 2 bgra=00000000 rgba_unorm=0.000,0.000,0.000,0.000
PIXEL 0 3 bgra=00000000 rgba_unorm=0.000,0.000,0.000,0.000
PIXEL 1 3 bgra=00000000 rgba_unorm=0.000,0.000,0.000,0.000
PIXEL 2 3 bgra=00000000 rgba_unorm=0.000,0.000,0.000,0.000
PIXEL 3 3 bgra=df2630af rgba_unorm=0.188,0.149,0.875,0.686
PIXEL 4 3 bgra=2c265630 rgba_unorm=0.337,0.149,0.173,0.188
PIXEL 5 3 bgra=00000000 rgba_unorm=0.000,0.000,0.000,0.000
PIXEL 6 3 bgra=00000000 rgba_unorm=0.000,0.000,0.000,0.000
PIXEL 7 3 bgra=00000000 rgba_unorm=0.000,0.000,0.000,0.000
PIXEL 0 4 bgra=00000000 rgba_unorm=0.000,0.000,0.000,0.000
PIXEL 1 4 bgra=00000000 rgba_unorm=0.000,0.000,0.000,0.000
PIXEL 2 4 bgra=bf978ab0 rgba_unorm=0.541,0.592,0.749,0.690
PIXEL 3 4 bgra=c6eb4caf rgba_unorm=0.298,0.922,0.776,0.686
PIXEL 4 4 bgra=3843c830 rgba_unorm=0.784,0.263,0.220,0.188
PIXEL 5 4 bgra=e9fe9b30 rgba_unorm=0.608,0.996,0.914,0.188
PIXEL 6 4 bgra=00000000 rgba_unorm=0.000,0.000,0.000,0.000
PIXEL 7 4 bgra=00000000 rgba_unorm=0.000,0.000,0.000,0.000
PIXEL 0 5 bgra=00000000 rgba_unorm=0.000,0.000,0.000,0.000
PIXEL 1 5 bgra=00000000 rgba_unorm=0.000,0.000,0.000,0.000
PIXEL 2 5 bgra=b988d1b0 rgba_unorm=0.820,0.533,0.725,0.690
PIXEL 3 5 bgra=aeb068af rgba_unorm=0.408,0.690,0.682,0.686
PIXEL 4 5 bgra=44613a30 rgba_unorm=0.227,0.380,0.267,0.188
PIXEL 5 5 bgra=f00d5430 rgba_unorm=0.329,0.051,0.941,0.188
PIXEL 6 5 bgra=00000000 rgba_unorm=0.000,0.000,0.000,0.000
PIXEL 7 5 bgra=00000000 rgba_unorm=0.000,0.000,0.000,0.000
PIXEL 0 6 bgra=00000000 rgba_unorm=0.000,0.000,0.000,0.000
PIXEL 1 6 bgra=20ab67b1 rgba_unorm=0.404,0.671,0.125,0.694
PIXEL 2 6 bgra=b37a18b0 rgba_unorm=0.094,0.478,0.702,0.690
PIXEL 3 6 bgra=967584af rgba_unorm=0.518,0.459,0.588,0.686
PIXEL 4 6 bgra=507eac30 rgba_unorm=0.675,0.494,0.314,0.188
PIXEL 5 6 bgra=f61c0d30 rgba_unorm=0.051,0.110,0.965,0.188
PIXEL 6 6 bgra=41fc6231 rgba_unorm=0.384,0.988,0.255,0.192
PIXEL 7 6 bgra=00000000 rgba_unorm=0.000,0.000,0.000,0.000
PIXEL 0 7 bgra=00000000 rgba_unorm=0.000,0.000,0.000,0.000
PIXEL 1 7 bgra=00000000 rgba_unorm=0.000,0.000,0.000,0.000
PIXEL 2 7 bgra=00000000 rgba_unorm=0.000,0.000,0.000,0.000
PIXEL 3 7 bgra=00000000 rgba_unorm=0.000,0.000,0.000,0.000
PIXEL 4 7 bgra=00000000 rgba_unorm=0.000,0.000,0.000,0.000
PIXEL 5 7 bgra=00000000 rgba_unorm=0.000,0.000,0.000,0.000
PIXEL 6 7 bgra=00000000 rgba_unorm=0.000,0.000,0.000,0.000
PIXEL 7 7 bgra=00000000 rgba_unorm=0.000,0.000,0.000,0.000
STATUS OK
