DEVICE Apple M4
VERTEX v_main
FRAGMENT f_main
PIPELINE_SOURCE archive
GPUTIME_NS 20208
SIZE 16 16
PIXEL 0 0 bgra=00000000 rgba_unorm=0.000,0.000,0.000,0.000
PIXEL 1 0 bgra=00000000 rgba_unorm=0.000,0.000,0.000,0.000
PIXEL 2 0 bgra=00000000 rgba_unorm=0.000,0.000,0.000,0.000
PIXEL 3 0 bgra=00000000 rgba_unorm=0.000,0.000,0.000,0.000
PIXEL 4 0 bgra=00000000 rgba_unorm=0.000,0.000,0.000,0.000
PIXEL 5 0 bgra=00000000 rgba_unorm=0.000,0.000,0.000,0.000
PIXEL 6 0 bgra=00000000 rgba_unorm=0.000,0.000,0.000,0.000
PIXEL 7 0 bgra=00000000 rgba_unorm=0.000,0.000,0.000,0.000
PIXEL 8 0 bgra=00000000 rgba_unorm=0.000,0.000,0.000,0.000
PIXEL 9 0 bgra=00000000 rgba_unorm=0.000,0.000,0.000,0.000
PIXEL 10 0 bgra=00000000 rgba_unorm=0.000,0.000,0.000,0.000
PIXEL 11 0 bgra=00000000 rgba_unorm=0.000,0.000,0.000,0.000
PIXEL 12 0 bgra=00000000 rgba_unorm=0.000,0.000,0.000,0.000
PIXEL 13 0 bgra=00000000 rgba_unorm=0.000,0.000,0.000,0.000
PIXEL 14 0 bgra=00000000 rgba_unorm=0.000,0.000,0.000,0.000
PIXEL 15 0 bgra=00000000 rgba_unorm=0.000,0.000,0.000,0.000
PIXEL 0 1 bgra=00000000 rgba_unorm=0.000,0.000,0.000,0.000
PIXEL 1 1 bgra=00000000 rgba_unorm=0.000,0.000,0.000,0.000
PIXEL 2 1 bgra=00000000 rgba_unorm=0.000,0.000,0.000,0.000
PIXEL 3 1 bgra=00000000 rgba_unorm=0.000,0.000,0.000,0.000
PIXEL 4 1 bgra=00000000 rgba_unorm=0.000,0.000,0.000,0.000
PIXEL 5 1 bgra=00000000 rgba_unorm=0.000,0.000,0.000,0.000
PIXEL 6 1 bgra=00000000 rgba_unorm=0.000,0.000,0.000,0.000
PIXEL 7 1 bgra=00000000 rgba_unorm=0.000,0.000,0.000,0.000
PIXEL 8 1 bgra=00000000 rgba_unorm=0.000,0.000,0.000,0.000
PIXEL 9 1 bgra=00000000 rgba_unorm=0.000,0.000,0.000,0.000
PIXEL 10 1 bgra=00000000 rgba_unorm=0.000,0.000,0.000,0.000
PIXEL 11 1 bgra=00000000 rgba_unorm=0.000,0.000,0.000,0.000
PIXEL 12 1 bgra=00000000 rgba_unorm=0.000,0.000,0.000,0.000
PIXEL 13 1 bgra=00000000 rgba_unorm=0.000,0.000,0.000,0.000
PIXEL 14 1 bgra=00000000 rgba_unorm=0.000,0.000,0.000,0.000
PIXEL 15 1 bgra=00000000 rgba_unorm=0.000,0.000,0.000,0.000
PIXEL 0 2 bgra=00000000 rgba_unorm=0.000,0.000,0.000,0.000
PIXEL 1 2 bgra=00000000 rgba_unorm=0.000,0.000,0.000,0.000
PIXEL 2 2 bgra=00000000 rgba_unorm=0.000,0.000,0.000,0.000
PIXEL 3 2 bgra=00000000 rgba_unorm=0.000,0.000,0.000,0.000
PIXEL 4 2 bgra=00000000 rgba_unorm=0.000,0.000,0.000,0.000
PIXEL 5 2 bgra=00000000 rgba_unorm=0.000,0.000,0.000,0.000
PIXEL 6 2 bgra=00000000 rgba_unorm=0.000,0.000,0.000,0.000
PIXEL 7 2 bgra=00000000 rgba_unorm=0.000,0.000,0.000,0.000
PIXEL 8 2 bgra=00000000 rgba_unorm=0.000,0.000,0.000,0.000
PIXEL 9 2 bgra=00000000 rgba_unorm=0.000,0.000,0.000,0.000
PIXEL 10 2 bgra=00000000 rgba_unorm=0.000,0.000,0.000,0.000
PIXEL 11 2 bgra=00000000 rgba_unorm=0.000,0.000,0.000,0.000
PIXEL 12 2 bgra=00000000 rgba_unorm=0.000,0.000,0.000,0.000
PIXEL 13 2 bgra=00000000 rgba_unorm=0.000,0.000,0.000,0.000
PIXEL 14 2 bgra=00000000 rgba_unorm=0.000,0.000,0.000,0.000
PIXEL 15 2 bgra=00000000 rgba_unorm=0.000,0.000,0.000,0.000
PIXEL 0 3 bgra=00000000 rgba_unorm=0.000,0.000,0.000,0.000
PIXEL 1 3 bgra=00000000 rgba_unorm=0.000,0.000,0.000,0.000
PIXEL 2 3 bgra=00000000 rgba_unorm=0.000,0.000,0.000,0.000
PIXEL 3 3 bgra=00000000 rgba_unorm=0.000,0.000,0.000,0.000
PIXEL 4 3 bgra=00000000 rgba_unorm=0.000,0.000,0.000,0.000
PIXEL 5 3 bgra=00000000 rgba_unorm=0.000,0.000,0.000,0.000
PIXEL 6 3 bgra=00000000 rgba_unorm=0.000,0.000,0.000,0.000
PIXEL 7 3 bgra=702503ff rgba_unorm=0.012,0.145,0.439,1.000
PIXEL 8 3 bgra=703a00ff rgba_unorm=0.000,0.227,0.439,1.000
PIXEL 9 3 bgra=00000000 rgba_unorm=0.000,0.000,0.000,0.000
PIXEL 10 3 bgra=00000000 rgba_unorm=0.000,0.000,0.000,0.000
PIXEL 11 3 bgra=00000000 rgba_unorm=0.000,0.000,0.000,0.000
PIXEL 12 3 bgra=00000000 rgba_unorm=0.000,0.000,0.000,0.000
PIXEL 13 3 bgra=00000000 rgba_unorm=0.000,0.000,0.000,0.000
PIXEL 14 3 bgra=00000000 rgba_unorm=0.000,0.000,0.000,0.000
PIXEL 15 3 bgra=00000000 rgba_unorm=0.000,0.000,0.000,0.000
PIXEL 0 4 bgra=00000000 rgba_unorm=0.000,0.000,0.000,0.000
PIXEL 1 4 bgra=00000000 rgba_unorm=0.000,0.000,0.000,0.000
PIXEL 2 4 bgra=00000000 rgba_unorm=0.000,0.000,0.000,0.000
PIXEL 3 4 bgra=00000000 rgba_unorm=0.000,0.000,0.000,0.000
PIXEL 4 4 bgra=00000000 rgba_unorm=0.000,0.000,0.000,0.000
PIXEL 5 4 bgra=00000000 rgba_unorm=0.000,0.000,0.000,0.000
PIXEL 6 4 bgra=00000000 rgba_unorm=0.000,0.000,0.000,0.000
PIXEL 7 4 bgra=653005ff rgba_unorm=0.020,0.188,0.396,1.000
PIXEL 8 4 bgra=654501ff rgba_unorm=0.004,0.271,0.396,1.000
PIXEL 9 4 bgra=00000000 rgba_unorm=0.000,0.000,0.000,0.000
PIXEL 10 4 bgra=00000000 rgba_unorm=0.000,0.000,0.000,0.000
PIXEL 11 4 bgra=00000000 rgba_unorm=0.000,0.000,0.000,0.000
PIXEL 12 4 bgra=00000000 rgba_unorm=0.000,0.000,0.000,0.000
PIXEL 13 4 bgra=00000000 rgba_unorm=0.000,0.000,0.000,0.000
PIXEL 14 4 bgra=00000000 rgba_unorm=0.000,0.000,0.000,0.000
PIXEL 15 4 bgra=00000000 rgba_unorm=0.000,0.000,0.000,0.000
PIXEL 0 5 bgra=00000000 rgba_unorm=0.000,0.000,0.000,0.000
PIXEL 1 5 bgra=00000000 rgba_unorm=0.000,0.000,0.000,0.000
PIXEL 2 5 bgra=00000000 rgba_unorm=0.000,0.000,0.000,0.000
PIXEL 3 5 bgra=00000000 rgba_unorm=0.000,0.000,0.000,0.000
PIXEL 4 5 bgra=00000000 rgba_unorm=0.000,0.000,0.000,0.000
PIXEL 5 5 bgra=00000000 rgba_unorm=0.000,0.000,0.000,0.000
PIXEL 6 5 bgra=5a2513ff rgba_unorm=0.075,0.145,0.353,1.000
PIXEL 7 5 bgra=5a3a09ff rgba_unorm=0.035,0.227,0.353,1.000
PIXEL 8 5 bgra=5a5003ff rgba_unorm=0.012,0.314,0.353,1.000
PIXEL 9 5 bgra=5a6500ff rgba_unorm=0.000,0.396,0.353,1.000
PIXEL 10 5 bgra=00000000 rgba_unorm=0.000,0.000,0.000,0.000
PIXEL 11 5 bgra=00000000 rgba_unorm=0.000,0.000,0.000,0.000
PIXEL 12 5 bgra=00000000 rgba_unorm=0.000,0.000,0.000,0.000
PIXEL 13 5 bgra=00000000 rgba_unorm=0.000,0.000,0.000,0.000
PIXEL 14 5 bgra=00000000 rgba_unorm=0.000,0.000,0.000,0.000
PIXEL 15 5 bgra=00000000 rgba_unorm=0.000,0.000,0.000,0.000
PIXEL 0 6 bgra=00000000 rgba_unorm=0.000,0.000,0.000,0.000
PIXEL 1 6 bgra=00000000 rgba_unorm=0.000,0.000,0.000,0.000
PIXEL 2 6 bgra=00000000 rgba_unorm=0.000,0.000,0.000,0.000
PIXEL 3 6 bgra=00000000 rgba_unorm=0.000,0.000,0.000,0.000
PIXEL 4 6 bgra=00000000 rgba_unorm=0.000,0.000,0.000,0.000
PIXEL 5 6 bgra=00000000 rgba_unorm=0.000,0.000,0.000,0.000
PIXEL 6 6 bgra=503019ff rgba_unorm=0.098,0.188,0.314,1.000
PIXEL 7 6 bgra=50450dff rgba_unorm=0.051,0.271,0.314,1.000
PIXEL 8 6 bgra=505a05ff rgba_unorm=0.020,0.353,0.314,1.000
PIXEL 9 6 bgra=507001ff rgba_unorm=0.004,0.439,0.314,1.000
PIXEL 10 6 bgra=00000000 rgba_unorm=0.000,0.000,0.000,0.000
PIXEL 11 6 bgra=00000000 rgba_unorm=0.000,0.000,0.000,0.000
PIXEL 12 6 bgra=00000000 rgba_unorm=0.000,0.000,0.000,0.000
PIXEL 13 6 bgra=00000000 rgba_unorm=0.000,0.000,0.000,0.000
PIXEL 14 6 bgra=00000000 rgba_unorm=0.000,0.000,0.000,0.000
PIXEL 15 6 bgra=00000000 rgba_unorm=0.000,0.000,0.000,0.000
PIXEL 0 7 bgra=00000000 rgba_unorm=0.000,0.000,0.000,0.000
PIXEL 1 7 bgra=00000000 rgba_unorm=0.000,0.000,0.000,0.000
PIXEL 2 7 bgra=00000000 rgba_unorm=0.000,0.000,0.000,0.000
PIXEL 3 7 bgra=00000000 rgba_unorm=0.000,0.000,0.000,0.000
PIXEL 4 7 bgra=00000000 rgba_unorm=0.000,0.000,0.000,0.000
PIXEL 5 7 bgra=452531ff rgba_unorm=0.192,0.145,0.271,1.000
PIXEL 6 7 bgra=453a20ff rgba_unorm=0.125,0.227,0.271,1.000
PIXEL 7 7 bgra=455013ff rgba_unorm=0.075,0.314,0.271,1.000
PIXEL 8 7 bgra=456509ff rgba_unorm=0.035,0.396,0.271,1.000
PIXEL 9 7 bgra=457a03ff rgba_unorm=0.012,0.478,0.271,1.000
PIXEL 10 7 bgra=458f00ff rgba_unorm=0.000,0.561,0.271,1.000
PIXEL 11 7 bgra=00000000 rgba_unorm=0.000,0.000,0.000,0.000
PIXEL 12 7 bgra=00000000 rgba_unorm=0.000,0.000,0.000,0.000
PIXEL 13 7 bgra=00000000 rgba_unorm=0.000,0.000,0.000,0.000
PIXEL 14 7 bgra=00000000 rgba_unorm=0.000,0.000,0.000,0.000
PIXEL 15 7 bgra=00000000 rgba_unorm=0.000,0.000,0.000,0.000
PIXEL 0 8 bgra=00000000 rgba_unorm=0.000,0.000,0.000,0.000
PIXEL 1 8 bgra=00000000 rgba_unorm=0.000,0.000,0.000,0.000
PIXEL 2 8 bgra=00000000 rgba_unorm=0.000,0.000,0.000,0.000
PIXEL 3 8 bgra=00000000 rgba_unorm=0.000,0.000,0.000,0.000
PIXEL 4 8 bgra=00000000 rgba_unorm=0.000,0.000,0.000,0.000
PIXEL 5 8 bgra=3a303bff rgba_unorm=0.231,0.188,0.227,1.000
PIXEL 6 8 bgra=3a4528ff rgba_unorm=0.157,0.271,0.227,1.000
PIXEL 7 8 bgra=3a5a19ff rgba_unorm=0.098,0.353,0.227,1.000
PIXEL 8 8 bgra=3a700dff rgba_unorm=0.051,0.439,0.227,1.000
PIXEL 9 8 bgra=3a8505ff rgba_unorm=0.020,0.522,0.227,1.000
PIXEL 10 8 bgra=3a9a01ff rgba_unorm=0.004,0.604,0.227,1.000
PIXEL 11 8 bgra=00000000 rgba_unorm=0.000,0.000,0.000,0.000
PIXEL 12 8 bgra=00000000 rgba_unorm=0.000,0.000,0.000,0.000
PIXEL 13 8 bgra=00000000 rgba_unorm=0.000,0.000,0.000,0.000
PIXEL 14 8 bgra=00000000 rgba_unorm=0.000,0.000,0.000,0.000
PIXEL 15 8 bgra=00000000 rgba_unorm=0.000,0.000,0.000,0.000
PIXEL 0 9 bgra=00000000 rgba_unorm=0.000,0.000,0.000,0.000
PIXEL 1 9 bgra=00000000 rgba_unorm=0.000,0.000,0.000,0.000
PIXEL 2 9 bgra=00000000 rgba_unorm=0.000,0.000,0.000,0.000
PIXEL 3 9 bgra=00000000 rgba_unorm=0.000,0.000,0.000,0.000
PIXEL 4 9 bgra=30255dff rgba_unorm=0.365,0.145,0.188,1.000
PIXEL 5 9 bgra=303a45ff rgba_unorm=0.271,0.227,0.188,1.000
PIXEL 6 9 bgra=305031ff rgba_unorm=0.192,0.314,0.188,1.000
PIXEL 7 9 bgra=306520ff rgba_unorm=0.125,0.396,0.188,1.000
PIXEL 8 9 bgra=307a13ff rgba_unorm=0.075,0.478,0.188,1.000
PIXEL 9 9 bgra=308f09ff rgba_unorm=0.035,0.561,0.188,1.000
PIXEL 10 9 bgra=30a503ff rgba_unorm=0.012,0.647,0.188,1.000
PIXEL 11 9 bgra=30ba00ff rgba_unorm=0.000,0.729,0.188,1.000
PIXEL 12 9 bgra=00000000 rgba_unorm=0.000,0.000,0.000,0.000
PIXEL 13 9 bgra=00000000 rgba_unorm=0.000,0.000,0.000,0.000
PIXEL 14 9 bgra=00000000 rgba_unorm=0.000,0.000,0.000,0.000
PIXEL 15 9 bgra=00000000 rgba_unorm=0.000,0.000,0.000,0.000
PIXEL 0 10 bgra=00000000 rgba_unorm=0.000,0.000,0.000,0.000
PIXEL 1 10 bgra=00000000 rgba_unorm=0.000,0.000,0.000,0.000
PIXEL 2 10 bgra=00000000 rgba_unorm=0.000,0.000,0.000,0.000
PIXEL 3 10 bgra=00000000 rgba_unorm=0.000,0.000,0.000,0.000
PIXEL 4 10 bgra=25306aff rgba_unorm=0.416,0.188,0.145,1.000
PIXEL 5 10 bgra=254551ff rgba_unorm=0.318,0.271,0.145,1.000
PIXEL 6 10 bgra=255a3bff rgba_unorm=0.231,0.353,0.145,1.000
PIXEL 7 10 bgra=257028ff rgba_unorm=0.157,0.439,0.145,1.000
PIXEL 8 10 bgra=258519ff rgba_unorm=0.098,0.522,0.145,1.000
PIXEL 9 10 bgra=259a0dff rgba_unorm=0.051,0.604,0.145,1.000
PIXEL 10 10 bgra=25af05ff rgba_unorm=0.020,0.686,0.145,1.000
PIXEL 11 10 bgra=25c501ff rgba_unorm=0.004,0.773,0.145,1.000
PIXEL 12 10 bgra=00000000 rgba_unorm=0.000,0.000,0.000,0.000
PIXEL 13 10 bgra=00000000 rgba_unorm=0.000,0.000,0.000,0.000
PIXEL 14 10 bgra=00000000 rgba_unorm=0.000,0.000,0.000,0.000
PIXEL 15 10 bgra=00000000 rgba_unorm=0.000,0.000,0.000,0.000
PIXEL 0 11 bgra=00000000 rgba_unorm=0.000,0.000,0.000,0.000
PIXEL 1 11 bgra=00000000 rgba_unorm=0.000,0.000,0.000,0.000
PIXEL 2 11 bgra=00000000 rgba_unorm=0.000,0.000,0.000,0.000
PIXEL 3 11 bgra=1b2598ff rgba_unorm=0.596,0.145,0.106,1.000
PIXEL 4 11 bgra=1b3a79ff rgba_unorm=0.475,0.227,0.106,1.000
PIXEL 5 11 bgra=1b505dff rgba_unorm=0.365,0.314,0.106,1.000
PIXEL 6 11 bgra=1b6545ff rgba_unorm=0.271,0.396,0.106,1.000
PIXEL 7 11 bgra=1b7a31ff rgba_unorm=0.192,0.478,0.106,1.000
PIXEL 8 11 bgra=1b8f20ff rgba_unorm=0.125,0.561,0.106,1.000
PIXEL 9 11 bgra=1ba513ff rgba_unorm=0.075,0.647,0.106,1.000
PIXEL 10 11 bgra=1bba09ff rgba_unorm=0.035,0.729,0.106,1.000
PIXEL 11 11 bgra=1bcf03ff rgba_unorm=0.012,0.812,0.106,1.000
PIXEL 12 11 bgra=1be400ff rgba_unorm=0.000,0.894,0.106,1.000
PIXEL 13 11 bgra=00000000 rgba_unorm=0.000,0.000,0.000,0.000
PIXEL 14 11 bgra=00000000 rgba_unorm=0.000,0.000,0.000,0.000
PIXEL 15 11 bgra=00000000 rgba_unorm=0.000,0.000,0.000,0.000
PIXEL 0 12 bgra=00000000 rgba_unorm=0.000,0.000,0.000,0.000
PIXEL 1 12 bgra=00000000 rgba_unorm=0.000,0.000,0.000,0.000
PIXEL 2 12 bgra=00000000 rgba_unorm=0.000,0.000,0.000,0.000
PIXEL 3 12 bgra=1030a8ff rgba_unorm=0.659,0.188,0.063,1.000
PIXEL 4 12 bgra=104588ff rgba_unorm=0.533,0.271,0.063,1.000
PIXEL 5 12 bgra=105a6aff rgba_unorm=0.416,0.353,0.063,1.000
PIXEL 6 12 bgra=107051ff rgba_unorm=0.318,0.439,0.063,1.000
PIXEL 7 12 bgra=10853bff rgba_unorm=0.231,0.522,0.063,1.000
PIXEL 8 12 bgra=109a28ff rgba_unorm=0.157,0.604,0.063,1.000
PIXEL 9 12 bgra=10af19ff rgba_unorm=0.098,0.686,0.063,1.000
PIXEL 10 12 bgra=10c50dff rgba_unorm=0.051,0.773,0.063,1.000
PIXEL 11 12 bgra=10da05ff rgba_unorm=0.020,0.855,0.063,1.000
PIXEL 12 12 bgra=10ef01ff rgba_unorm=0.004,0.937,0.063,1.000
PIXEL 13 12 bgra=00000000 rgba_unorm=0.000,0.000,0.000,0.000
PIXEL 14 12 bgra=00000000 rgba_unorm=0.000,0.000,0.000,0.000
PIXEL 15 12 bgra=00000000 rgba_unorm=0.000,0.000,0.000,0.000
PIXEL 0 13 bgra=00000000 rgba_unorm=0.000,0.000,0.000,0.000
PIXEL 1 13 bgra=00000000 rgba_unorm=0.000,0.000,0.000,0.000
PIXEL 2 13 bgra=0525e0ff rgba_unorm=0.878,0.145,0.020,1.000
PIXEL 3 13 bgra=053abaff rgba_unorm=0.729,0.227,0.020,1.000
PIXEL 4 13 bgra=055098ff rgba_unorm=0.596,0.314,0.020,1.000
PIXEL 5 13 bgra=056579ff rgba_unorm=0.475,0.396,0.020,1.000
PIXEL 6 13 bgra=057a5dff rgba_unorm=0.365,0.478,0.020,1.000
PIXEL 7 13 bgra=058f45ff rgba_unorm=0.271,0.561,0.020,1.000
PIXEL 8 13 bgra=05a531ff rgba_unorm=0.192,0.647,0.020,1.000
PIXEL 9 13 bgra=05ba20ff rgba_unorm=0.125,0.729,0.020,1.000
PIXEL 10 13 bgra=05cf13ff rgba_unorm=0.075,0.812,0.020,1.000
PIXEL 11 13 bgra=05e409ff rgba_unorm=0.035,0.894,0.020,1.000
PIXEL 12 13 bgra=05fa03ff rgba_unorm=0.012,0.980,0.020,1.000
PIXEL 13 13 bgra=05ff00ff rgba_unorm=0.000,1.000,0.020,1.000
PIXEL 14 13 bgra=00000000 rgba_unorm=0.000,0.000,0.000,0.000
PIXEL 15 13 bgra=00000000 rgba_unorm=0.000,0.000,0.000,0.000
PIXEL 0 14 bgra=00000000 rgba_unorm=0.000,0.000,0.000,0.000
PIXEL 1 14 bgra=00000000 rgba_unorm=0.000,0.000,0.000,0.000
PIXEL 2 14 bgra=00000000 rgba_unorm=0.000,0.000,0.000,0.000
PIXEL 3 14 bgra=00000000 rgba_unorm=0.000,0.000,0.000,0.000
PIXEL 4 14 bgra=00000000 rgba_unorm=0.000,0.000,0.000,0.000
PIXEL 5 14 bgra=00000000 rgba_unorm=0.000,0.000,0.000,0.000
PIXEL 6 14 bgra=00000000 rgba_unorm=0.000,0.000,0.000,0.000
PIXEL 7 14 bgra=00000000 rgba_unorm=0.000,0.000,0.000,0.000
PIXEL 8 14 bgra=00000000 rgba_unorm=0.000,0.000,0.000,0.000
PIXEL 9 14 bgra=00000000 rgba_unorm=0.000,0.000,0.000,0.000
PIXEL 10 14 bgra=00000000 rgba_unorm=0.000,0.000,0.000,0.000
PIXEL 11 14 bgra=00000000 rgba_unorm=0.000,0.000,0.000,0.000
PIXEL 12 14 bgra=00000000 rgba_unorm=0.000,0.000,0.000,0.000
PIXEL 13 14 bgra=00000000 rgba_unorm=0.000,0.000,0.000,0.000
PIXEL 14 14 bgra=00000000 rgba_unorm=0.000,0.000,0.000,0.000
PIXEL 15 14 bgra=00000000 rgba_unorm=0.000,0.000,0.000,0.000
PIXEL 0 15 bgra=00000000 rgba_unorm=0.000,0.000,0.000,0.000
PIXEL 1 15 bgra=00000000 rgba_unorm=0.000,0.000,0.000,0.000
PIXEL 2 15 bgra=00000000 rgba_unorm=0.000,0.000,0.000,0.000
PIXEL 3 15 bgra=00000000 rgba_unorm=0.000,0.000,0.000,0.000
PIXEL 4 15 bgra=00000000 rgba_unorm=0.000,0.000,0.000,0.000
PIXEL 5 15 bgra=00000000 rgba_unorm=0.000,0.000,0.000,0.000
PIXEL 6 15 bgra=00000000 rgba_unorm=0.000,0.000,0.000,0.000
PIXEL 7 15 bgra=00000000 rgba_unorm=0.000,0.000,0.000,0.000
PIXEL 8 15 bgra=00000000 rgba_unorm=0.000,0.000,0.000,0.000
PIXEL 9 15 bgra=00000000 rgba_unorm=0.000,0.000,0.000,0.000
PIXEL 10 15 bgra=00000000 rgba_unorm=0.000,0.000,0.000,0.000
PIXEL 11 15 bgra=00000000 rgba_unorm=0.000,0.000,0.000,0.000
PIXEL 12 15 bgra=00000000 rgba_unorm=0.000,0.000,0.000,0.000
PIXEL 13 15 bgra=00000000 rgba_unorm=0.000,0.000,0.000,0.000
PIXEL 14 15 bgra=00000000 rgba_unorm=0.000,0.000,0.000,0.000
PIXEL 15 15 bgra=00000000 rgba_unorm=0.000,0.000,0.000,0.000
STATUS OK
