DEVICE Apple M4
VERTEX v_main
FRAGMENT f_main
PIPELINE_SOURCE archive
GPUTIME_NS 19583
SIZE 8 8
PIXEL 0 0 bgra=00000000 rgba_unorm=0.000,0.000,0.000,0.000
PIXEL 1 0 bgra=00000000 rgba_unorm=0.000,0.000,0.000,0.000
PIXEL 2 0 bgra=00000000 rgba_unorm=0.000,0.000,0.000,0.000
PIXEL 3 0 bgra=00000000 rgba_unorm=0.000,0.000,0.000,0.000
PIXEL 4 0 bgra=00000000 rgba_unorm=0.000,0.000,0.000,0.000
PIXEL 5 0 bgra=00000000 rgba_unorm=0.000,0.000,0.000,0.000
PIXEL 6 0 bgra=00000000 rgba_unorm=0.000,0.000,0.000,0.000
PIXEL 7 0 bgra=00000000 rgba_unorm=0.000,0.000,0.000,0.000
PIXEL 0 1 bgra=00000000 rgba_unorm=0.000,0.000,0.000,0.000
PIXEL 1 1 bgra=00000000 rgba_unorm=0.000,0.000,0.000,0.000
PIXEL 2 1 bgra=00000000 rgba_unorm=0.000,0.000,0.000,0.000
PIXEL 3 1 bgra=00000000 rgba_unorm=0.000,0.000,0.000,0.000
PIXEL 4 1 bgra=00000000 rgba_unorm=0.000,0.000,0.000,0.000
PIXEL 5 1 bgra=00000000 rgba_unorm=0.000,0.000,0.000,0.000
PIXEL 6 1 bgra=00000000 rgba_unorm=0.000,0.000,0.000,0.000
PIXEL 7 1 bgra=00000000 rgba_unorm=0.000,0.000,0.000,0.000
PIXEL 0 2 bgra=00000000 rgba_unorm=0.000,0.000,0.000,0.000
PIXEL 1 2 bgra=00000000 rgba_unorm=0.000,0.000,0.000,0.000
PIXEL 2 2 bgra=00000000 rgba_unorm=0.000,0.000,0.000,0.000
PIXEL 3 2 bgra=f7381caf rgba_unorm=0.110,0.220,0.969,0.686
PIXEL 4 2 bgra=206f6130 rgba_unorm=0.380,0.435,0.125,0.188
PIXEL 5 2 bgra=00000000 rgba_unorm=0.000,0.000,0.000,0.000
PIXEL 6 2 bgra=00000000 rgba_unorm=0.000,0.000,0.000,0.000
PIXEL 7 2 bgra=00000000 rgba_unorm=0.000,0.000,0.000,0.000
PIXEL 0 3 bgra=00000000 rgba_unorm=0.000,0.000,0.000,0.000
PIXEL 1 3 bgra=00000000 rgba_unorm=0.000,0.000,0.000,0.000
PIXEL 2 3 bgra=00000000 rgba_unorm=0.000,0.000,0.000,0.000
PIXEL 3 3 bgra=deab3baf rgba_unorm=0.231,0.671,0.871,0.686
PIXEL 4 3 bgra=2cb5d230 rgba_unorm=0.824,0.710,0.173,0.188
PIXEL 5 3 bgra=00000000 rgba_unorm=0.000,0.000,0.000,0.000
PIXEL 6 3 bgra=00000000 rgba_unorm=0.000,0.000,0.000,0.000
PIXEL 7 3 bgra=00000000 rgba_unorm=0.000,0.000,0.000,0.000
PIXEL 0 4 bgra=00000000 rgba_unorm=0.000,0.000,0.000,0.000
PIXEL 1 4 bgra=00000000 rgba_unorm=0.000,0.000,0.000,0.000
PIXEL 2 4 bgra=bf8d4eb0 rgba_unorm=0.306,0.553,0.749,0.690
PIXEL 3 4 bgra=c61e59af rgba_unorm=0.349,0.118,0.776,0.686
PIXEL 4 4 bgra=38fc4330 rgba_unorm=0.263,0.988,0.220,0.188
PIXEL 5 4 bgra=ea83d930 rgba_unorm=0.851,0.514,0.918,0.188
PIXEL 6 4 bgra=00000000 rgba_unorm=0.000,0.000,0.000,0.000
PIXEL 7 4 bgra=00000000 rgba_unorm=0.000,0.000,0.000,0.000
PIXEL 0 5 bgra=00000000 rgba_unorm=0.000,0.000,0.000,0.000
PIXEL 1 5 bgra=00000000 rgba_unorm=0.000,0.000,0.000,0.000
PIXEL 2 5 bgra=b96a16b0 rgba_unorm=0.086,0.416,0.725,0.690
PIXEL 3 5 bgra=ad9178af rgba_unorm=0.471,0.569,0.678,0.686
PIXEL 4 5 bgra=4542b330 rgba_unorm=0.702,0.259,0.271,0.188
PIXEL 5 5 bgra=f0a71130 rgba_unorm=0.067,0.655,0.941,0.188
PIXEL 6 5 bgra=00000000 rgba_unorm=0.000,0.000,0.000,0.000
PIXEL 7 5 bgra=00000000 rgba_unorm=0.000,0.000,0.000,0.000
PIXEL 0 6 bgra=00000000 rgba_unorm=0.000,0.000,0.000,0.000
PIXEL 1 6 bgra=20a64ab1 rgba_unorm=0.290,0.651,0.125,0.694
PIXEL 2 6 bgra=b346ddb0 rgba_unorm=0.867,0.275,0.702,0.690
PIXEL 3 6 bgra=950497af rgba_unorm=0.592,0.016,0.584,0.686
PIXEL 4 6 bgra=51892430 rgba_unorm=0.141,0.537,0.318,0.188
PIXEL 5 6 bgra=f6ca4a30 rgba_unorm=0.290,0.792,0.965,0.188
PIXEL 6 6 bgra=42680131 rgba_unorm=0.004,0.408,0.259,0.192
PIXEL 7 6 bgra=00000000 rgba_unorm=0.000,0.000,0.000,0.000
PIXEL 0 7 bgra=00000000 rgba_unorm=0.000,0.000,0.000,0.000
PIXEL 1 7 bgra=00000000 rgba_unorm=0.000,0.000,0.000,0.000
PIXEL 2 7 bgra=00000000 rgba_unorm=0.000,0.000,0.000,0.000
PIXEL 3 7 bgra=00000000 rgba_unorm=0.000,0.000,0.000,0.000
PIXEL 4 7 bgra=00000000 rgba_unorm=0.000,0.000,0.000,0.000
PIXEL 5 7 bgra=00000000 rgba_unorm=0.000,0.000,0.000,0.000
PIXEL 6 7 bgra=00000000 rgba_unorm=0.000,0.000,0.000,0.000
PIXEL 7 7 bgra=00000000 rgba_unorm=0.000,0.000,0.000,0.000
STATUS OK
