DEVICE Apple M4
VERTEX v_main
FRAGMENT f_main
PIPELINE_SOURCE archive
GPUTIME_NS 19750
SIZE 8 8
PIXEL 0 0 bgra=00000000 rgba_unorm=0.000,0.000,0.000,0.000
PIXEL 1 0 bgra=00000000 rgba_unorm=0.000,0.000,0.000,0.000
PIXEL 2 0 bgra=00000000 rgba_unorm=0.000,0.000,0.000,0.000
PIXEL 3 0 bgra=00000000 rgba_unorm=0.000,0.000,0.000,0.000
PIXEL 4 0 bgra=00000000 rgba_unorm=0.000,0.000,0.000,0.000
PIXEL 5 0 bgra=00000000 rgba_unorm=0.000,0.000,0.000,0.000
PIXEL 6 0 bgra=00000000 rgba_unorm=0.000,0.000,0.000,0.000
PIXEL 7 0 bgra=00000000 rgba_unorm=0.000,0.000,0.000,0.000
PIXEL 0 1 bgra=00000000 rgba_unorm=0.000,0.000,0.000,0.000
PIXEL 1 1 bgra=00000000 rgba_unorm=0.000,0.000,0.000,0.000
PIXEL 2 1 bgra=00000000 rgba_unorm=0.000,0.000,0.000,0.000
PIXEL 3 1 bgra=00000000 rgba_unorm=0.000,0.000,0.000,0.000
PIXEL 4 1 bgra=00000000 rgba_unorm=0.000,0.000,0.000,0.000
PIXEL 5 1 bgra=00000000 rgba_unorm=0.000,0.000,0.000,0.000
PIXEL 6 1 bgra=00000000 rgba_unorm=0.000,0.000,0.000,0.000
PIXEL 7 1 bgra=00000000 rgba_unorm=0.000,0.000,0.000,0.000
PIXEL 0 2 bgra=00000000 rgba_unorm=0.000,0.000,0.000,0.000
PIXEL 1 2 bgra=00000000 rgba_unorm=0.000,0.000,0.000,0.000
PIXEL 2 2 bgra=00000000 rgba_unorm=0.000,0.000,0.000,0.000
PIXEL 3 2 bgra=1ca22b2f rgba_unorm=0.169,0.635,0.110,0.184
PIXEL 4 2 bgra=43cab330 rgba_unorm=0.702,0.792,0.263,0.188
PIXEL 5 2 bgra=00000000 rgba_unorm=0.000,0.000,0.000,0.000
PIXEL 6 2 bgra=00000000 rgba_unorm=0.000,0.000,0.000,0.000
PIXEL 7 2 bgra=00000000 rgba_unorm=0.000,0.000,0.000,0.000
PIXEL 0 3 bgra=00000000 rgba_unorm=0.000,0.000,0.000,0.000
PIXEL 1 3 bgra=00000000 rgba_unorm=0.000,0.000,0.000,0.000
PIXEL 2 3 bgra=00000000 rgba_unorm=0.000,0.000,0.000,0.000
PIXEL 3 3 bgra=eaf33e2f rgba_unorm=0.243,0.953,0.918,0.184
PIXEL 4 3 bgra=890de430 rgba_unorm=0.894,0.051,0.537,0.188
PIXEL 5 3 bgra=00000000 rgba_unorm=0.000,0.000,0.000,0.000
PIXEL 6 3 bgra=00000000 rgba_unorm=0.000,0.000,0.000,0.000
PIXEL 7 3 bgra=00000000 rgba_unorm=0.000,0.000,0.000,0.000
PIXEL 0 4 bgra=00000000 rgba_unorm=0.000,0.000,0.000,0.000
PIXEL 1 4 bgra=00000000 rgba_unorm=0.000,0.000,0.000,0.000
PIXEL 2 4 bgra=1ca22b2f rgba_unorm=0.169,0.635,0.110,0.184
PIXEL 3 4 bgra=43cab330 rgba_unorm=0.702,0.792,0.263,0.188
PIXEL 4 4 bgra=b0366e30 rgba_unorm=0.431,0.212,0.690,0.188
PIXEL 5 4 bgra=fe878230 rgba_unorm=0.510,0.529,0.996,0.188
PIXEL 6 4 bgra=00000000 rgba_unorm=0.000,0.000,0.000,0.000
PIXEL 7 4 bgra=00000000 rgba_unorm=0.000,0.000,0.000,0.000
PIXEL 0 5 bgra=00000000 rgba_unorm=0.000,0.000,0.000,0.000
PIXEL 1 5 bgra=00000000 rgba_unorm=0.000,0.000,0.000,0.000
PIXEL 2 5 bgra=eaf33e2f rgba_unorm=0.243,0.953,0.918,0.184
PIXEL 3 5 bgra=890de430 rgba_unorm=0.894,0.051,0.537,0.188
PIXEL 4 5 bgra=d75ef830 rgba_unorm=0.973,0.369,0.843,0.188
PIXEL 5 5 bgra=12d80631 rgba_unorm=0.024,0.847,0.071,0.192
PIXEL 6 5 bgra=00000000 rgba_unorm=0.000,0.000,0.000,0.000
PIXEL 7 5 bgra=00000000 rgba_unorm=0.000,0.000,0.000,0.000
PIXEL 0 6 bgra=00000000 rgba_unorm=0.000,0.000,0.000,0.000
PIXEL 1 6 bgra=1ca22b2f rgba_unorm=0.169,0.635,0.110,0.184
PIXEL 2 6 bgra=43cab330 rgba_unorm=0.702,0.792,0.263,0.188
PIXEL 3 6 bgra=b0366e30 rgba_unorm=0.431,0.212,0.690,0.188
PIXEL 4 6 bgra=fe878230 rgba_unorm=0.510,0.529,0.996,0.188
PIXEL 5 6 bgra=266c4b31 rgba_unorm=0.294,0.424,0.149,0.192
PIXEL 6 6 bgra=4d94d531 rgba_unorm=0.835,0.580,0.302,0.192
PIXEL 7 6 bgra=00000000 rgba_unorm=0.000,0.000,0.000,0.000
PIXEL 0 7 bgra=00000000 rgba_unorm=0.000,0.000,0.000,0.000
PIXEL 1 7 bgra=00000000 rgba_unorm=0.000,0.000,0.000,0.000
PIXEL 2 7 bgra=00000000 rgba_unorm=0.000,0.000,0.000,0.000
PIXEL 3 7 bgra=00000000 rgba_unorm=0.000,0.000,0.000,0.000
PIXEL 4 7 bgra=00000000 rgba_unorm=0.000,0.000,0.000,0.000
PIXEL 5 7 bgra=00000000 rgba_unorm=0.000,0.000,0.000,0.000
PIXEL 6 7 bgra=00000000 rgba_unorm=0.000,0.000,0.000,0.000
PIXEL 7 7 bgra=00000000 rgba_unorm=0.000,0.000,0.000,0.000
STATUS OK
