DEVICE Apple M4
VERTEX v_main
FRAGMENT f_main
PIPELINE_SOURCE archive
GPUTIME_NS 19416
SIZE 8 8
PIXEL 0 0 bgra=00000000 rgba_unorm=0.000,0.000,0.000,0.000
PIXEL 1 0 bgra=00000000 rgba_unorm=0.000,0.000,0.000,0.000
PIXEL 2 0 bgra=00000000 rgba_unorm=0.000,0.000,0.000,0.000
PIXEL 3 0 bgra=00000000 rgba_unorm=0.000,0.000,0.000,0.000
PIXEL 4 0 bgra=00000000 rgba_unorm=0.000,0.000,0.000,0.000
PIXEL 5 0 bgra=00000000 rgba_unorm=0.000,0.000,0.000,0.000
PIXEL 6 0 bgra=00000000 rgba_unorm=0.000,0.000,0.000,0.000
PIXEL 7 0 bgra=00000000 rgba_unorm=0.000,0.000,0.000,0.000
PIXEL 0 1 bgra=00000000 rgba_unorm=0.000,0.000,0.000,0.000
PIXEL 1 1 bgra=00000000 rgba_unorm=0.000,0.000,0.000,0.000
PIXEL 2 1 bgra=00000000 rgba_unorm=0.000,0.000,0.000,0.000
PIXEL 3 1 bgra=00000000 rgba_unorm=0.000,0.000,0.000,0.000
PIXEL 4 1 bgra=00000000 rgba_unorm=0.000,0.000,0.000,0.000
PIXEL 5 1 bgra=00000000 rgba_unorm=0.000,0.000,0.000,0.000
PIXEL 6 1 bgra=00000000 rgba_unorm=0.000,0.000,0.000,0.000
PIXEL 7 1 bgra=00000000 rgba_unorm=0.000,0.000,0.000,0.000
PIXEL 0 2 bgra=00000000 rgba_unorm=0.000,0.000,0.000,0.000
PIXEL 1 2 bgra=00000000 rgba_unorm=0.000,0.000,0.000,0.000
PIXEL 2 2 bgra=00000000 rgba_unorm=0.000,0.000,0.000,0.000
PIXEL 3 2 bgra=f75cc6af rgba_unorm=0.776,0.361,0.969,0.686
PIXEL 4 2 bgra=2008b830 rgba_unorm=0.722,0.031,0.125,0.188
PIXEL 5 2 bgra=00000000 rgba_unorm=0.000,0.000,0.000,0.000
PIXEL 6 2 bgra=00000000 rgba_unorm=0.000,0.000,0.000,0.000
PIXEL 7 2 bgra=00000000 rgba_unorm=0.000,0.000,0.000,0.000
PIXEL 0 3 bgra=00000000 rgba_unorm=0.000,0.000,0.000,0.000
PIXEL 1 3 bgra=00000000 rgba_unorm=0.000,0.000,0.000,0.000
PIXEL 2 3 bgra=00000000 rgba_unorm=0.000,0.000,0.000,0.000
PIXEL 3 3 bgra=df2091af rgba_unorm=0.569,0.125,0.875,0.686
PIXEL 4 3 bgra=2c26d330 rgba_unorm=0.827,0.149,0.173,0.188
PIXEL 5 3 bgra=00000000 rgba_unorm=0.000,0.000,0.000,0.000
PIXEL 6 3 bgra=00000000 rgba_unorm=0.000,0.000,0.000,0.000
PIXEL 7 3 bgra=00000000 rgba_unorm=0.000,0.000,0.000,0.000
PIXEL 0 4 bgra=00000000 rgba_unorm=0.000,0.000,0.000,0.000
PIXEL 1 4 bgra=00000000 rgba_unorm=0.000,0.000,0.000,0.000
PIXEL 2 4 bgra=bf94a4b0 rgba_unorm=0.643,0.580,0.749,0.690
PIXEL 3 4 bgra=c6e45baf rgba_unorm=0.357,0.894,0.776,0.686
PIXEL 4 4 bgra=3844ee30 rgba_unorm=0.933,0.267,0.220,0.188
PIXEL 5 4 bgra=e9fe0530 rgba_unorm=0.020,0.996,0.914,0.188
PIXEL 6 4 bgra=00000000 rgba_unorm=0.000,0.000,0.000,0.000
PIXEL 7 4 bgra=00000000 rgba_unorm=0.000,0.000,0.000,0.000
PIXEL 0 5 bgra=00000000 rgba_unorm=0.000,0.000,0.000,0.000
PIXEL 1 5 bgra=00000000 rgba_unorm=0.000,0.000,0.000,0.000
PIXEL 2 5 bgra=b98597b0 rgba_unorm=0.592,0.522,0.725,0.690
PIXEL 3 5 bgra=aea826af rgba_unorm=0.149,0.659,0.682,0.686
PIXEL 4 5 bgra=44630830 rgba_unorm=0.031,0.388,0.267,0.188
PIXEL 5 5 bgra=f00d1230 rgba_unorm=0.071,0.051,0.941,0.188
PIXEL 6 5 bgra=00000000 rgba_unorm=0.000,0.000,0.000,0.000
PIXEL 7 5 bgra=00000000 rgba_unorm=0.000,0.000,0.000,0.000
PIXEL 0 6 bgra=00000000 rgba_unorm=0.000,0.000,0.000,0.000
PIXEL 1 6 bgra=20a90cb1 rgba_unorm=0.047,0.663,0.125,0.694
PIXEL 2 6 bgra=b3768ab0 rgba_unorm=0.541,0.463,0.702,0.690
PIXEL 3 6 bgra=966bf1af rgba_unorm=0.945,0.420,0.588,0.686
PIXEL 4 6 bgra=50812330 rgba_unorm=0.137,0.506,0.314,0.188
PIXEL 5 6 bgra=f61c1f30 rgba_unorm=0.122,0.110,0.965,0.188
PIXEL 6 6 bgra=41fbd631 rgba_unorm=0.839,0.984,0.255,0.192
PIXEL 7 6 bgra=00000000 rgba_unorm=0.000,0.000,0.000,0.000
PIXEL 0 7 bgra=00000000 rgba_unorm=0.000,0.000,0.000,0.000
PIXEL 1 7 bgra=00000000 rgba_unorm=0.000,0.000,0.000,0.000
PIXEL 2 7 bgra=00000000 rgba_unorm=0.000,0.000,0.000,0.000
PIXEL 3 7 bgra=00000000 rgba_unorm=0.000,0.000,0.000,0.000
PIXEL 4 7 bgra=00000000 rgba_unorm=0.000,0.000,0.000,0.000
PIXEL 5 7 bgra=00000000 rgba_unorm=0.000,0.000,0.000,0.000
PIXEL 6 7 bgra=00000000 rgba_unorm=0.000,0.000,0.000,0.000
PIXEL 7 7 bgra=00000000 rgba_unorm=0.000,0.000,0.000,0.000
STATUS OK
