DEVICE Apple M4
VERTEX v_main
FRAGMENT f_main
PIPELINE_SOURCE archive
GPUTIME_NS 19416
SIZE 8 8
PIXEL 0 0 bgra=00000000 rgba_unorm=0.000,0.000,0.000,0.000
PIXEL 1 0 bgra=00000000 rgba_unorm=0.000,0.000,0.000,0.000
PIXEL 2 0 bgra=00000000 rgba_unorm=0.000,0.000,0.000,0.000
PIXEL 3 0 bgra=00000000 rgba_unorm=0.000,0.000,0.000,0.000
PIXEL 4 0 bgra=00000000 rgba_unorm=0.000,0.000,0.000,0.000
PIXEL 5 0 bgra=00000000 rgba_unorm=0.000,0.000,0.000,0.000
PIXEL 6 0 bgra=00000000 rgba_unorm=0.000,0.000,0.000,0.000
PIXEL 7 0 bgra=00000000 rgba_unorm=0.000,0.000,0.000,0.000
PIXEL 0 1 bgra=75bce22f rgba_unorm=0.886,0.737,0.459,0.184
PIXEL 1 1 bgra=82ef812f rgba_unorm=0.506,0.937,0.510,0.184
PIXEL 2 1 bgra=8b00912f rgba_unorm=0.569,0.000,0.545,0.184
PIXEL 3 1 bgra=9311a12f rgba_unorm=0.631,0.067,0.576,0.184
PIXEL 4 1 bgra=00000000 rgba_unorm=0.000,0.000,0.000,0.000
PIXEL 5 1 bgra=00000000 rgba_unorm=0.000,0.000,0.000,0.000
PIXEL 6 1 bgra=00000000 rgba_unorm=0.000,0.000,0.000,0.000
PIXEL 7 1 bgra=00000000 rgba_unorm=0.000,0.000,0.000,0.000
PIXEL 0 2 bgra=54896130 rgba_unorm=0.380,0.537,0.329,0.188
PIXEL 1 2 bgra=5891e930 rgba_unorm=0.914,0.569,0.345,0.188
PIXEL 2 2 bgra=5c9a7130 rgba_unorm=0.443,0.604,0.361,0.188
PIXEL 3 2 bgra=60a2f930 rgba_unorm=0.976,0.635,0.376,0.188
PIXEL 4 2 bgra=00000000 rgba_unorm=0.000,0.000,0.000,0.000
PIXEL 5 2 bgra=00000000 rgba_unorm=0.000,0.000,0.000,0.000
PIXEL 6 2 bgra=00000000 rgba_unorm=0.000,0.000,0.000,0.000
PIXEL 7 2 bgra=00000000 rgba_unorm=0.000,0.000,0.000,0.000
PIXEL 0 3 bgra=b5d1c530 rgba_unorm=0.773,0.820,0.710,0.188
PIXEL 1 3 bgra=b7d60930 rgba_unorm=0.035,0.839,0.718,0.188
PIXEL 2 3 bgra=b9da4d30 rgba_unorm=0.302,0.855,0.725,0.188
PIXEL 3 3 bgra=bbde9130 rgba_unorm=0.569,0.871,0.733,0.188
PIXEL 4 3 bgra=00000000 rgba_unorm=0.000,0.000,0.000,0.000
PIXEL 5 3 bgra=00000000 rgba_unorm=0.000,0.000,0.000,0.000
PIXEL 6 3 bgra=00000000 rgba_unorm=0.000,0.000,0.000,0.000
PIXEL 7 3 bgra=00000000 rgba_unorm=0.000,0.000,0.000,0.000
PIXEL 0 4 bgra=00ae2831 rgba_unorm=0.157,0.682,0.000,0.192
PIXEL 1 4 bgra=01b18e31 rgba_unorm=0.557,0.694,0.004,0.192
PIXEL 2 4 bgra=02b3b031 rgba_unorm=0.690,0.702,0.008,0.192
PIXEL 3 4 bgra=03b5d231 rgba_unorm=0.824,0.710,0.012,0.192
PIXEL 4 4 bgra=00000000 rgba_unorm=0.000,0.000,0.000,0.000
PIXEL 5 4 bgra=00000000 rgba_unorm=0.000,0.000,0.000,0.000
PIXEL 6 4 bgra=00000000 rgba_unorm=0.000,0.000,0.000,0.000
PIXEL 7 4 bgra=00000000 rgba_unorm=0.000,0.000,0.000,0.000
PIXEL 0 5 bgra=26734d31 rgba_unorm=0.302,0.451,0.149,0.192
PIXEL 1 5 bgra=2776cb31 rgba_unorm=0.796,0.463,0.153,0.192
PIXEL 2 5 bgra=287a3b31 rgba_unorm=0.231,0.478,0.157,0.192
PIXEL 3 5 bgra=297c5d31 rgba_unorm=0.365,0.486,0.161,0.192
PIXEL 4 5 bgra=00000000 rgba_unorm=0.000,0.000,0.000,0.000
PIXEL 5 5 bgra=00000000 rgba_unorm=0.000,0.000,0.000,0.000
PIXEL 6 5 bgra=00000000 rgba_unorm=0.000,0.000,0.000,0.000
PIXEL 7 5 bgra=00000000 rgba_unorm=0.000,0.000,0.000,0.000
PIXEL 0 6 bgra=4c387331 rgba_unorm=0.451,0.220,0.298,0.192
PIXEL 1 6 bgra=4d3bf031 rgba_unorm=0.941,0.231,0.302,0.192
PIXEL 2 6 bgra=4e3f6d31 rgba_unorm=0.427,0.247,0.306,0.192
PIXEL 3 6 bgra=4f42e731 rgba_unorm=0.906,0.259,0.310,0.192
PIXEL 4 6 bgra=00000000 rgba_unorm=0.000,0.000,0.000,0.000
PIXEL 5 6 bgra=00000000 rgba_unorm=0.000,0.000,0.000,0.000
PIXEL 6 6 bgra=00000000 rgba_unorm=0.000,0.000,0.000,0.000
PIXEL 7 6 bgra=00000000 rgba_unorm=0.000,0.000,0.000,0.000
PIXEL 0 7 bgra=00000000 rgba_unorm=0.000,0.000,0.000,0.000
PIXEL 1 7 bgra=00000000 rgba_unorm=0.000,0.000,0.000,0.000
PIXEL 2 7 bgra=00000000 rgba_unorm=0.000,0.000,0.000,0.000
PIXEL 3 7 bgra=00000000 rgba_unorm=0.000,0.000,0.000,0.000
PIXEL 4 7 bgra=00000000 rgba_unorm=0.000,0.000,0.000,0.000
PIXEL 5 7 bgra=00000000 rgba_unorm=0.000,0.000,0.000,0.000
PIXEL 6 7 bgra=00000000 rgba_unorm=0.000,0.000,0.000,0.000
PIXEL 7 7 bgra=00000000 rgba_unorm=0.000,0.000,0.000,0.000
STATUS OK
