DEVICE Apple M4
VERTEX v_main
FRAGMENT f_main
PIPELINE_SOURCE archive
GPUTIME_NS 19666
SIZE 8 8
PIXEL 0 0 bgra=00000000 rgba_unorm=0.000,0.000,0.000,0.000
PIXEL 1 0 bgra=00000000 rgba_unorm=0.000,0.000,0.000,0.000
PIXEL 2 0 bgra=00000000 rgba_unorm=0.000,0.000,0.000,0.000
PIXEL 3 0 bgra=00000000 rgba_unorm=0.000,0.000,0.000,0.000
PIXEL 4 0 bgra=00000000 rgba_unorm=0.000,0.000,0.000,0.000
PIXEL 5 0 bgra=00000000 rgba_unorm=0.000,0.000,0.000,0.000
PIXEL 6 0 bgra=00000000 rgba_unorm=0.000,0.000,0.000,0.000
PIXEL 7 0 bgra=00000000 rgba_unorm=0.000,0.000,0.000,0.000
PIXEL 0 1 bgra=00000000 rgba_unorm=0.000,0.000,0.000,0.000
PIXEL 1 1 bgra=00000000 rgba_unorm=0.000,0.000,0.000,0.000
PIXEL 2 1 bgra=00000000 rgba_unorm=0.000,0.000,0.000,0.000
PIXEL 3 1 bgra=00000000 rgba_unorm=0.000,0.000,0.000,0.000
PIXEL 4 1 bgra=99fa282f rgba_unorm=0.157,0.980,0.600,0.184
PIXEL 5 1 bgra=99fa282f rgba_unorm=0.157,0.980,0.600,0.184
PIXEL 6 1 bgra=99fa282f rgba_unorm=0.157,0.980,0.600,0.184
PIXEL 7 1 bgra=99fa282f rgba_unorm=0.157,0.980,0.600,0.184
PIXEL 0 2 bgra=00000000 rgba_unorm=0.000,0.000,0.000,0.000
PIXEL 1 2 bgra=00000000 rgba_unorm=0.000,0.000,0.000,0.000
PIXEL 2 2 bgra=00000000 rgba_unorm=0.000,0.000,0.000,0.000
PIXEL 3 2 bgra=00000000 rgba_unorm=0.000,0.000,0.000,0.000
PIXEL 4 2 bgra=66f73d30 rgba_unorm=0.239,0.969,0.400,0.188
PIXEL 5 2 bgra=66f73d30 rgba_unorm=0.239,0.969,0.400,0.188
PIXEL 6 2 bgra=66f73d30 rgba_unorm=0.239,0.969,0.400,0.188
PIXEL 7 2 bgra=66f73d30 rgba_unorm=0.239,0.969,0.400,0.188
PIXEL 0 3 bgra=00000000 rgba_unorm=0.000,0.000,0.000,0.000
PIXEL 1 3 bgra=00000000 rgba_unorm=0.000,0.000,0.000,0.000
PIXEL 2 3 bgra=00000000 rgba_unorm=0.000,0.000,0.000,0.000
PIXEL 3 3 bgra=00000000 rgba_unorm=0.000,0.000,0.000,0.000
PIXEL 4 3 bgra=c078b330 rgba_unorm=0.702,0.471,0.753,0.188
PIXEL 5 3 bgra=c078b330 rgba_unorm=0.702,0.471,0.753,0.188
PIXEL 6 3 bgra=c078b330 rgba_unorm=0.702,0.471,0.753,0.188
PIXEL 7 3 bgra=c078b330 rgba_unorm=0.702,0.471,0.753,0.188
PIXEL 0 4 bgra=00000000 rgba_unorm=0.000,0.000,0.000,0.000
PIXEL 1 4 bgra=00000000 rgba_unorm=0.000,0.000,0.000,0.000
PIXEL 2 4 bgra=00000000 rgba_unorm=0.000,0.000,0.000,0.000
PIXEL 3 4 bgra=00000000 rgba_unorm=0.000,0.000,0.000,0.000
PIXEL 4 4 bgra=06bae331 rgba_unorm=0.890,0.729,0.024,0.192
PIXEL 5 4 bgra=06bae331 rgba_unorm=0.890,0.729,0.024,0.192
PIXEL 6 4 bgra=06bae331 rgba_unorm=0.890,0.729,0.024,0.192
PIXEL 7 4 bgra=06bae331 rgba_unorm=0.890,0.729,0.024,0.192
PIXEL 0 5 bgra=00000000 rgba_unorm=0.000,0.000,0.000,0.000
PIXEL 1 5 bgra=00000000 rgba_unorm=0.000,0.000,0.000,0.000
PIXEL 2 5 bgra=00000000 rgba_unorm=0.000,0.000,0.000,0.000
PIXEL 3 5 bgra=00000000 rgba_unorm=0.000,0.000,0.000,0.000
PIXEL 4 5 bgra=2d396e31 rgba_unorm=0.431,0.224,0.176,0.192
PIXEL 5 5 bgra=2d396e31 rgba_unorm=0.431,0.224,0.176,0.192
PIXEL 6 5 bgra=2d396e31 rgba_unorm=0.431,0.224,0.176,0.192
PIXEL 7 5 bgra=2d396e31 rgba_unorm=0.431,0.224,0.176,0.192
PIXEL 0 6 bgra=00000000 rgba_unorm=0.000,0.000,0.000,0.000
PIXEL 1 6 bgra=00000000 rgba_unorm=0.000,0.000,0.000,0.000
PIXEL 2 6 bgra=00000000 rgba_unorm=0.000,0.000,0.000,0.000
PIXEL 3 6 bgra=00000000 rgba_unorm=0.000,0.000,0.000,0.000
PIXEL 4 6 bgra=53b7f831 rgba_unorm=0.973,0.718,0.325,0.192
PIXEL 5 6 bgra=53b7f831 rgba_unorm=0.973,0.718,0.325,0.192
PIXEL 6 6 bgra=53b7f831 rgba_unorm=0.973,0.718,0.325,0.192
PIXEL 7 6 bgra=53b7f831 rgba_unorm=0.973,0.718,0.325,0.192
PIXEL 0 7 bgra=00000000 rgba_unorm=0.000,0.000,0.000,0.000
PIXEL 1 7 bgra=00000000 rgba_unorm=0.000,0.000,0.000,0.000
PIXEL 2 7 bgra=00000000 rgba_unorm=0.000,0.000,0.000,0.000
PIXEL 3 7 bgra=00000000 rgba_unorm=0.000,0.000,0.000,0.000
PIXEL 4 7 bgra=00000000 rgba_unorm=0.000,0.000,0.000,0.000
PIXEL 5 7 bgra=00000000 rgba_unorm=0.000,0.000,0.000,0.000
PIXEL 6 7 bgra=00000000 rgba_unorm=0.000,0.000,0.000,0.000
PIXEL 7 7 bgra=00000000 rgba_unorm=0.000,0.000,0.000,0.000
STATUS OK
